D:\headphone-website\app\auth\login\page.js
  Line 68: `'` can be escaped with `&apos;`, `&lsquo;`, `&#39;`, `&rsquo;`.
  Line 68: `'` can be escaped with `&apos;`, `&lsquo;`, `&#39;`, `&rsquo;`.
